// Jest Snapshot v1, https://goo.gl/fbAQLP

exports[`When not authenticated Login Form renders a snapshot properly 1`] = `[Function]`;

exports[`When not authenticated Register Form renders a snapshot properly 1`] = `[Function]`;
